// Jest Snapshot v1, https://goo.gl/fbAQLP

exports[`Renders ConfirmModal component correctly 1`] = `
<section
  className="modal"
>
  <button
    className="modal__close"
    onClick={[MockFunction]}
    type="button"
  >
    <span
      className="visually-hidden"
    >
      Закрыть
    </span>
  </button>
  <h2
    className="modal__title"
  >
    Подтверждение
  </h2>
  <p
    className="modal__text"
  >
    Вы уверены что хотите начать игру заново?
  </p>
  <div
    className="modal__buttons"
  >
    <button
      className="modal__button button"
      onClick={[MockFunction]}
    >
      Ок
    </button>
    <button
      className="modal__button button"
      onClick={[MockFunction]}
    >
      Отмена
    </button>
  </div>
</section>
`;
