// Jest Snapshot v1, https://goo.gl/fbAQLP

exports[`Renders GuessGenre component correctly 1`] = `
<section
  className="game game--genre"
>
  <header
    className="game__header"
  >
    <a
      className="game__back"
      href="#"
    >
      <span
        className="visually-hidden"
      >
        Сыграть ещё раз
      </span>
      <img
        alt="Угадай мелодию"
        className="game__logo"
        src="img/melody-logo-ginger.png"
      />
    </a>
    <svg
      className="timer"
      viewBox="0 0 780 780"
      xmlns="http://www.w3.org/2000/svg"
    >
      <circle
        className="timer__line"
        cx="390"
        cy="390"
        r="370"
        style={
          Object {
            "filter": "url(#blur)",
            "transform": "rotate(-90deg) scaleY(-1)",
            "transformOrigin": "center",
          }
        }
      />
    </svg>
    <div
      className="timer__value"
      xmlns="http://www.w3.org/1999/xhtml"
    >
      <span
        className="timer__mins"
      >
        05
      </span>
      <span
        className="timer__dots"
      >
        :
      </span>
      <span
        className="timer__secs"
      >
        00
      </span>
    </div>
    <div
      className="game__mistakes"
    />
  </header>
  <section
    className="game__screen"
  >
    <h2
      className="game__title"
    >
      Выберите инди-рок треки
    </h2>
    <form
      className="game__tracks"
      onSubmit={[MockFunction]}
    >
      <div
        className="track"
      >
        <button
          className="track__button track__button--play"
          onClick={[Function]}
          type="button"
        />
        <div
          className="track__status"
        >
          <audio
            src="/01 - Nine Inch Nails - Letting Go While Holding On.mp3"
          />
        </div>
        <div
          className="game__answer"
        >
          <input
            className="game__input visually-hidden"
            id="answer-/01 - Nine Inch Nails - Letting Go While Holding On.mp3"
            name="answer"
            type="checkbox"
            value="/01 - Nine Inch Nails - Letting Go While Holding On.mp3"
          />
          <label
            className="game__check"
            htmlFor="answer-/01 - Nine Inch Nails - Letting Go While Holding On.mp3"
          >
            Отметить
          </label>
        </div>
      </div>
      <div
        className="track"
      >
        <button
          className="track__button track__button--play"
          onClick={[Function]}
          type="button"
        />
        <div
          className="track__status"
        >
          <audio
            src="/02 - Nine Inch Nails - Together.mp3"
          />
        </div>
        <div
          className="game__answer"
        >
          <input
            className="game__input visually-hidden"
            id="answer-/02 - Nine Inch Nails - Together.mp3"
            name="answer"
            type="checkbox"
            value="/02 - Nine Inch Nails - Together.mp3"
          />
          <label
            className="game__check"
            htmlFor="answer-/02 - Nine Inch Nails - Together.mp3"
          >
            Отметить
          </label>
        </div>
      </div>
      <div
        className="track"
      >
        <button
          className="track__button track__button--play"
          onClick={[Function]}
          type="button"
        />
        <div
          className="track__status"
        >
          <audio
            src="/03 - Nine Inch Nails - Out In The Open.mp3"
          />
        </div>
        <div
          className="game__answer"
        >
          <input
            className="game__input visually-hidden"
            id="answer-/03 - Nine Inch Nails - Out In The Open.mp3"
            name="answer"
            type="checkbox"
            value="/03 - Nine Inch Nails - Out In The Open.mp3"
          />
          <label
            className="game__check"
            htmlFor="answer-/03 - Nine Inch Nails - Out In The Open.mp3"
          >
            Отметить
          </label>
        </div>
      </div>
      <div
        className="track"
      >
        <button
          className="track__button track__button--play"
          onClick={[Function]}
          type="button"
        />
        <div
          className="track__status"
        >
          <audio
            src="/04 - Nine Inch Nails - With Faith.mp3"
          />
        </div>
        <div
          className="game__answer"
        >
          <input
            className="game__input visually-hidden"
            id="answer-/04 - Nine Inch Nails - With Faith.mp3"
            name="answer"
            type="checkbox"
            value="/04 - Nine Inch Nails - With Faith.mp3"
          />
          <label
            className="game__check"
            htmlFor="answer-/04 - Nine Inch Nails - With Faith.mp3"
          >
            Отметить
          </label>
        </div>
      </div>
      <button
        className="game__submit button"
        type="submit"
      >
        Ответить
      </button>
    </form>
  </section>
</section>
`;
