// Jest Snapshot v1, https://goo.gl/fbAQLP

exports[`Renders MistakeCounter component correctly 1`] = `
<div
  className="game__mistakes"
/>
`;
